# Evaluating ...
2
# Stepping ...
##    0: ConstDecl(f,Function(Some(f),x,If(Binary(Le,Var(x),N(1.0)),N(1.0),Binary(Plus,Call(Var(f),Binary(Minus,Var(x),N(1.0))),Call(Var(f),Binary(Minus,Var(x),N(2.0)))))),Call(Var(f),N(2.0)))
##    1: Call(Function(Some(f),x,If(Binary(Le,Var(x),N(1.0)),N(1.0),Binary(Plus,Call(Var(f),Binary(Minus,Var(x),N(1.0))),Call(Var(f),Binary(Minus,Var(x),N(2.0)))))),N(2.0))
##    2: If(Binary(Le,N(2.0),N(1.0)),N(1.0),Binary(Plus,Call(Function(Some(f),x,If(Binary(Le,Var(x),N(1.0)),N(1.0),Binary(Plus,Call(Var(f),Binary(Minus,Var(x),N(1.0))),Call(Var(f),Binary(Minus,Var(x),N(2.0)))))),Binary(Minus,N(2.0),N(1.0))),Call(Function(Some(f),x,If(Binary(Le,Var(x),N(1.0)),N(1.0),Binary(Plus,Call(Var(f),Binary(Minus,Var(x),N(1.0))),Call(Var(f),Binary(Minus,Var(x),N(2.0)))))),Binary(Minus,N(2.0),N(2.0)))))
##    3: If(B(false),N(1.0),Binary(Plus,Call(Function(Some(f),x,If(Binary(Le,Var(x),N(1.0)),N(1.0),Binary(Plus,Call(Var(f),Binary(Minus,Var(x),N(1.0))),Call(Var(f),Binary(Minus,Var(x),N(2.0)))))),Binary(Minus,N(2.0),N(1.0))),Call(Function(Some(f),x,If(Binary(Le,Var(x),N(1.0)),N(1.0),Binary(Plus,Call(Var(f),Binary(Minus,Var(x),N(1.0))),Call(Var(f),Binary(Minus,Var(x),N(2.0)))))),Binary(Minus,N(2.0),N(2.0)))))
##    4: Binary(Plus,Call(Function(Some(f),x,If(Binary(Le,Var(x),N(1.0)),N(1.0),Binary(Plus,Call(Var(f),Binary(Minus,Var(x),N(1.0))),Call(Var(f),Binary(Minus,Var(x),N(2.0)))))),Binary(Minus,N(2.0),N(1.0))),Call(Function(Some(f),x,If(Binary(Le,Var(x),N(1.0)),N(1.0),Binary(Plus,Call(Var(f),Binary(Minus,Var(x),N(1.0))),Call(Var(f),Binary(Minus,Var(x),N(2.0)))))),Binary(Minus,N(2.0),N(2.0))))
##    5: Binary(Plus,Call(Function(Some(f),x,If(Binary(Le,Var(x),N(1.0)),N(1.0),Binary(Plus,Call(Var(f),Binary(Minus,Var(x),N(1.0))),Call(Var(f),Binary(Minus,Var(x),N(2.0)))))),N(1.0)),Call(Function(Some(f),x,If(Binary(Le,Var(x),N(1.0)),N(1.0),Binary(Plus,Call(Var(f),Binary(Minus,Var(x),N(1.0))),Call(Var(f),Binary(Minus,Var(x),N(2.0)))))),Binary(Minus,N(2.0),N(2.0))))
##    6: Binary(Plus,If(Binary(Le,N(1.0),N(1.0)),N(1.0),Binary(Plus,Call(Function(Some(f),x,If(Binary(Le,Var(x),N(1.0)),N(1.0),Binary(Plus,Call(Var(f),Binary(Minus,Var(x),N(1.0))),Call(Var(f),Binary(Minus,Var(x),N(2.0)))))),Binary(Minus,N(1.0),N(1.0))),Call(Function(Some(f),x,If(Binary(Le,Var(x),N(1.0)),N(1.0),Binary(Plus,Call(Var(f),Binary(Minus,Var(x),N(1.0))),Call(Var(f),Binary(Minus,Var(x),N(2.0)))))),Binary(Minus,N(1.0),N(2.0))))),Call(Function(Some(f),x,If(Binary(Le,Var(x),N(1.0)),N(1.0),Binary(Plus,Call(Var(f),Binary(Minus,Var(x),N(1.0))),Call(Var(f),Binary(Minus,Var(x),N(2.0)))))),Binary(Minus,N(2.0),N(2.0))))
##    7: Binary(Plus,If(B(true),N(1.0),Binary(Plus,Call(Function(Some(f),x,If(Binary(Le,Var(x),N(1.0)),N(1.0),Binary(Plus,Call(Var(f),Binary(Minus,Var(x),N(1.0))),Call(Var(f),Binary(Minus,Var(x),N(2.0)))))),Binary(Minus,N(1.0),N(1.0))),Call(Function(Some(f),x,If(Binary(Le,Var(x),N(1.0)),N(1.0),Binary(Plus,Call(Var(f),Binary(Minus,Var(x),N(1.0))),Call(Var(f),Binary(Minus,Var(x),N(2.0)))))),Binary(Minus,N(1.0),N(2.0))))),Call(Function(Some(f),x,If(Binary(Le,Var(x),N(1.0)),N(1.0),Binary(Plus,Call(Var(f),Binary(Minus,Var(x),N(1.0))),Call(Var(f),Binary(Minus,Var(x),N(2.0)))))),Binary(Minus,N(2.0),N(2.0))))
##    8: Binary(Plus,N(1.0),Call(Function(Some(f),x,If(Binary(Le,Var(x),N(1.0)),N(1.0),Binary(Plus,Call(Var(f),Binary(Minus,Var(x),N(1.0))),Call(Var(f),Binary(Minus,Var(x),N(2.0)))))),Binary(Minus,N(2.0),N(2.0))))
##    9: Binary(Plus,N(1.0),Call(Function(Some(f),x,If(Binary(Le,Var(x),N(1.0)),N(1.0),Binary(Plus,Call(Var(f),Binary(Minus,Var(x),N(1.0))),Call(Var(f),Binary(Minus,Var(x),N(2.0)))))),N(0.0)))
##   10: Binary(Plus,N(1.0),If(Binary(Le,N(0.0),N(1.0)),N(1.0),Binary(Plus,Call(Function(Some(f),x,If(Binary(Le,Var(x),N(1.0)),N(1.0),Binary(Plus,Call(Var(f),Binary(Minus,Var(x),N(1.0))),Call(Var(f),Binary(Minus,Var(x),N(2.0)))))),Binary(Minus,N(0.0),N(1.0))),Call(Function(Some(f),x,If(Binary(Le,Var(x),N(1.0)),N(1.0),Binary(Plus,Call(Var(f),Binary(Minus,Var(x),N(1.0))),Call(Var(f),Binary(Minus,Var(x),N(2.0)))))),Binary(Minus,N(0.0),N(2.0))))))
##   11: Binary(Plus,N(1.0),If(B(true),N(1.0),Binary(Plus,Call(Function(Some(f),x,If(Binary(Le,Var(x),N(1.0)),N(1.0),Binary(Plus,Call(Var(f),Binary(Minus,Var(x),N(1.0))),Call(Var(f),Binary(Minus,Var(x),N(2.0)))))),Binary(Minus,N(0.0),N(1.0))),Call(Function(Some(f),x,If(Binary(Le,Var(x),N(1.0)),N(1.0),Binary(Plus,Call(Var(f),Binary(Minus,Var(x),N(1.0))),Call(Var(f),Binary(Minus,Var(x),N(2.0)))))),Binary(Minus,N(0.0),N(2.0))))))
##   12: Binary(Plus,N(1.0),N(1.0))
##   13: N(2.0)
2